==================== torch-keras mlp simple (3 epochs) ====================
Environment: bm_torch_env
<conda>/envs/bm_torch_env/lib/python3.12/site-packages/keras/src/trainers/epoch_iterator.py:74: UserWarning: `shuffle=True` was passed, but will be ignored since the data `x` was provided as a torch DataLoader. The DataLoader is expected to already be shuffled.
  self.data_adapter = data_adapters.get_data_adapter(
Epoch 1/3
Epoch 2/3
Epoch 3/3
Generating '/tmp/nsys-report-2cde.qdstrm'
[3/7] Executing 'nvtx_sum' stats report
 Time (%)  Total Time (ns)  Instances  Avg (ns)   Med (ns)   Min (ns)  Max (ns)  StdDev (ns)   Style           Range         
 --------  ---------------  ---------  ---------  ---------  --------  --------  -----------  -------  ----------------------
    100.0         18220168          2  9110084.0  9110084.0    641441  17578727   11976469.8  PushPop  cuBLAS:cublasCreate_v2
[4/7] Executing 'cuda_api_sum' stats report
 Time (%)  Total Time (ns)  Num Calls  Avg (ns)   Med (ns)   Min (ns)  Max (ns)  StdDev (ns)                      Name                     
 --------  ---------------  ---------  ---------  ---------  --------  --------  -----------  ---------------------------------------------
     72.3       2614916139     292502     8939.8     7731.0      4280  16997029      73989.6  cudaLaunchKernel                             
     16.1        582360711      47031    12382.5    11301.0      6190   1820206      12052.8  cudaMemcpyAsync                              
      9.6        348844840      32845    10620.9     7581.0      1620    284163      13137.6  cudaStreamSynchronize                        
      0.9         31788300       2971    10699.5    10380.0      8490    307324       6623.0  cuLaunchKernel                               
      0.4         13682364       5954     2298.0     1970.0       500   1187446      15622.4  cudaOccupancyMaxActiveBlocksPerMultiprocessor
      0.3          9090578       9017     1008.2     1180.0       300     20501        919.2  cudaStreamIsCapturing_v10000                 
      0.1          4158798          2  2079399.0  2079399.0      3590   4155208    2935637.2  cudaFree                                     
      0.1          3535147          4   883786.8  1092082.0    203929   1147054     454055.1  cuLibraryLoadData                            
      0.1          3307157         12   275596.4    53717.5     10720   2606114     736695.7  cudaHostAlloc                                
      0.1          2522290         11   229299.1   191069.0      4410    585248     201676.5  cudaMalloc                                   
      0.1          2050408          2  1025204.0  1025204.0    935255   1115153     127207.1  cudaGetDeviceProperties_v2_v12000            
      0.0           381130        838      454.8      430.0       100      1970        275.8  cuGetProcAddress_v2                          
      0.0           106895          1   106895.0   106895.0    106895    106895          0.0  cuModuleLoadData                             
      0.0            43302         36     1202.8      450.0       290     11440       2161.9  cudaEventCreateWithFlags                     
      0.0            30732          4     7683.0     8030.5      6311      8360        963.7  cuLibraryGetKernel                           
      0.0             7020          4     1755.0     1590.0      1340      2500        514.6  cuInit                                       
      0.0             4550          3     1516.7      320.0       130      4100       2239.2  cuModuleGetLoadingMode                       
      0.0              860          2      430.0      430.0       280       580        212.1  cudaGetDriverEntryPoint_v11030               
[5/7] Executing 'cuda_gpu_kern_sum' stats report
 Time (%)  Total Time (ns)  Instances  Avg (ns)  Med (ns)  Min (ns)  Max (ns)  StdDev (ns)                                                  Name                                                
 --------  ---------------  ---------  --------  --------  --------  --------  -----------  ----------------------------------------------------------------------------------------------------
      8.3         90427912       6750   13396.7   13024.0     12832     14592        583.8  void at::native::<unnamed>::multi_tensor_apply_kernel<at::native::<unnamed>::TensorListMetadata<(in…
      6.1         65779825      17105    3845.6    3808.0      3167      4704        400.4  void at::native::reduce_kernel<(int)512, (int)1, at::native::ReduceOp<float, at::native::func_wrapp…
      5.7         61490493       2250   27329.1   28160.0     22528     41920       2291.2  void at::native::<unnamed>::multi_tensor_apply_kernel<at::native::<unnamed>::TensorListMetadata<(in…
      4.8         51561240      29844    1727.7    1728.0      1599      2463         56.6  void at::native::vectorized_elementwise_kernel<(int)4, at::native::FillFunctor<float>, std::array<c…
      4.4         48194716       4500   10709.9   10720.0     10560     13472         80.0  void at::native::<unnamed>::multi_tensor_apply_kernel<at::native::<unnamed>::TensorListMetadata<(in…
      3.9         42858247      20104    2131.8    2112.0      1983      2368         64.1  void at::native::vectorized_elementwise_kernel<(int)4, at::native::<unnamed>::where_kernel_impl(at:…
      3.6         39516309       2250   17562.8   17312.0     16896     26720        876.2  void at::native::<unnamed>::multi_tensor_apply_kernel<at::native::<unnamed>::TensorListMetadata<(in…
      3.6         38934340       5942    6552.4    6751.0      5728     10048        480.9  ampere_sgemm_32x32_sliced1x4_nn                                                                     
      3.5         38398369      17105    2244.9    2240.0      2079      2528         78.7  void at::native::unrolled_elementwise_kernel<at::native::direct_copy_kernel_cuda(at::TensorIterator…
      3.4         37122245      15677    2367.9    2240.0      2047      3424        387.3  void at::native::vectorized_elementwise_kernel<(int)4, at::native::BinaryFunctor<float, float, floa…
      3.2         34834006      17854    1951.0    1951.0      1791      2049         51.3  void at::native::vectorized_elementwise_kernel<(int)4, at::native::AUnaryFunctor<float, float, bool…
      3.1         33474972      11163    2998.7    3040.0      2719      3233        123.6  void at::native::elementwise_kernel<(int)128, (int)2, void at::native::gpu_kernel_impl_nocast<at::n…
      2.7         29205076       9721    3004.3    2976.0      2784      3392        143.1  void at::native::elementwise_kernel<(int)128, (int)2, void at::native::gpu_kernel_impl_nocast<at::n…
      2.6         28011410       2250   12449.5   12448.0     12064     12832        111.3  void at::native::<unnamed>::multi_tensor_apply_kernel<at::native::<unnamed>::TensorListMetadata<(in…
      2.5         27266345       4500    6059.2    6208.0      5599      6593        366.1  void at::native::reduce_kernel<(int)128, (int)4, at::native::ReduceOp<float, at::native::func_wrapp…
      2.4         26019787       4500    5782.2    5792.0      5695      5920         42.0  ampere_sgemm_32x32_sliced1x4_nt                                                                     
      2.3         25497626       2250   11332.3   11328.0     10880     12096        156.0  void at::native::<unnamed>::multi_tensor_apply_kernel<at::native::<unnamed>::TensorListMetadata<(in…
      2.3         24666861       2250   10963.0   10944.0     10784     11296         63.1  void at::native::<unnamed>::multi_tensor_apply_kernel<at::native::<unnamed>::TensorListMetadata<(in…
      2.1         22859724      11884    1923.6    1951.0      1855      2240         40.1  void at::native::vectorized_elementwise_kernel<(int)4, at::native::CUDAFunctor_add<float>, std::arr…
      2.1         22663422       2970    7630.8    7648.0      7391      7776         58.2  ampere_sgemm_64x32_sliced1x4_nn                                                                     
      1.8         19920739       9721    2049.2    2048.0      1823      2273        118.8  void at::native::vectorized_elementwise_kernel<(int)4, at::native::BinaryFunctor<float, float, floa…
      1.8         19568216       8913    2195.5    2144.0      2015      2433        126.3  void at::native::vectorized_elementwise_kernel<(int)4, at::native::<unnamed>::launch_clamp_scalar(a…
      1.7         18111926       2250    8049.7    8224.0      7040      8289        340.5  void at::native::reduce_kernel<(int)256, (int)2, at::native::ReduceOp<float, at::native::func_wrapp…
      1.6         17161766       2971    5776.4    5792.0      5088      5920         62.8  void at::native::reduce_kernel<(int)512, (int)1, at::native::ReduceOp<float, at::native::ArgMaxOps<…
      1.5         16655824       2250    7402.6    7392.0      7359      7457         19.7  ampere_sgemm_32x32_sliced1x4_tn                                                                     
      1.5         16282535       5939    2741.6    2848.0      2400      3072        244.4  void cublasLt::splitKreduce_kernel<(int)32, (int)16, int, float, float, float, float, (bool)0, floa…
      1.4         15517389       2250    6896.6    6880.0      6783      7040         63.5  ampere_sgemm_64x32_sliced1x4_nt                                                                     
      1.3         14290622       4500    3175.7    3168.5      3103      3265         44.4  void at::native::<unnamed>::fused_dropout_kernel_vec<float, float, unsigned int, (int)1, (int)4, bo…
      1.1         11720971       2971    3945.1    3936.0      3776      4097         79.1  reduction_prod_kernel                                                                               
      1.1         11549010       4500    2566.4    2591.0      2367      2752        104.2  void at::native::vectorized_elementwise_kernel<(int)4, at::native::<unnamed>::pow_tensor_tensor_ker…
      1.0         10924439       2250    4855.3    4864.0      4831      4897         19.3  ampere_sgemm_32x128_tn                                                                              
      0.9         10208781       4500    2268.6    2240.0      2015      2591        139.3  void at::native::vectorized_elementwise_kernel<(int)4, void at::native::compare_scalar_kernel<float…
      0.9          9514135       4500    2114.3    2112.0      2047      2177         29.5  void at::native::vectorized_elementwise_kernel<(int)4, void at::native::<unnamed>::masked_scale_ker…
      0.9          9311560       4500    2069.2    2080.0      2015      2145         21.4  void at::native::vectorized_elementwise_kernel<(int)4, at::native::BinaryFunctor<float, float, floa…
      0.8          8938404       4500    1986.3    1983.0      1951      2464         45.7  void at::native::vectorized_elementwise_kernel<(int)4, at::native::CUDAFunctor_add<int>, std::array…
      0.8          8470688       4500    1882.4    1888.0      1759      2080         57.2  void at::native::vectorized_elementwise_kernel<(int)4, at::native::CUDAFunctorOnOther_add<float>, s…
      0.7          7952538       2971    2676.7    2688.0      2464      2721         38.2  void at::native::vectorized_elementwise_kernel<(int)4, at::native::log_kernel_cuda(at::TensorIterat…
      0.7          7102026       2250    3156.5    3168.0      3104      3200         15.6  void at::native::elementwise_kernel<(int)128, (int)2, void at::native::gpu_kernel_impl_nocast<at::n…
      0.6          7044780       2971    2371.2    2399.0      2272      2465         52.0  void <unnamed>::softmax_warp_forward<float, float, float, (int)4, (bool)0, (bool)0>(T2 *, const T1 …
      0.6          6816628       2971    2294.4    2304.0      2176      2369         51.9  void at::native::unrolled_elementwise_kernel<at::native::direct_copy_kernel_cuda(at::TensorIterator…
      0.6          6614898       2971    2226.5    2240.0      2112      2305         48.0  void at::native::<unnamed>::nll_loss_forward_no_reduce_cuda_kernel<float, long>(long, torch::header…
      0.6          6440212       2971    2167.7    2177.0      2079      2241         48.6  void at::native::unrolled_elementwise_kernel<at::native::direct_copy_kernel_cuda(at::TensorIterator…
      0.5          5916326       2971    1991.4    2016.0      1887      2049         48.2  void at::native::vectorized_elementwise_kernel<(int)4, at::native::BinaryFunctor<float, float, bool…
      0.5          5503087       2250    2445.8    2464.0      2367      2561         52.1  void at::native::elementwise_kernel<(int)128, (int)2, void at::native::gpu_kernel_impl_nocast<at::n…
      0.5          5167661       2250    2296.7    2304.0      2175      2369         49.9  void at::native::vectorized_elementwise_kernel<(int)4, at::native::BinaryFunctor<bool, bool, bool, …
      0.5          5104165       2250    2268.5    2272.0      2144      2336         40.6  void at::native::<unnamed>::nll_loss_backward_no_reduce_cuda_kernel<float, long>(int, const T2 *, t…
      0.5          4976723       2250    2211.9    2240.0      2111      2273         48.9  void at::native::vectorized_elementwise_kernel<(int)4, at::native::sqrt_kernel_cuda(at::TensorItera…
      0.5          4948575       2250    2199.4    2208.0      1984      2241         43.1  void at::native::vectorized_elementwise_kernel<(int)4, at::native::neg_kernel_cuda(at::TensorIterat…
      0.4          4632970       2250    2059.1    2048.0      2015      2144         19.1  void <unnamed>::softmax_warp_backward<float, float, float, (int)4, (bool)0, (bool)0>(T2 *, const T1…
      0.0            11744          3    3914.7    3136.0      2401      6207       2018.9  void at::native::<unnamed>::distribution_elementwise_grid_stride_kernel<float, (int)4, void at::nat…
      0.0             9824          1    9824.0    9824.0      9824      9824          0.0  ampere_sgemm_32x128_nn                                                                              
      0.0             6655          3    2218.3    2079.0      2016      2560        297.6  void at::native::vectorized_elementwise_kernel<(int)4, at::native::AUnaryFunctor<float, float, floa…
      0.0             6273          3    2091.0    1953.0      1920      2400        268.1  void at::native::vectorized_elementwise_kernel<(int)4, at::native::CUDAFunctorOnSelf_add<float>, st…
      0.0             6272          3    2090.7    2144.0      1920      2208        151.2  void at::native::unrolled_elementwise_kernel<at::native::CUDAFunctor_add<int>, std::array<char *, (…
[6/7] Executing 'cuda_gpu_mem_time_sum' stats report
 Time (%)  Total Time (ns)  Count  Avg (ns)  Med (ns)  Min (ns)  Max (ns)  StdDev (ns)            Operation           
 --------  ---------------  -----  --------  --------  --------  --------  -----------  ------------------------------
     81.0        152419319  26863    5674.0    1088.0       992    140352      13718.4  [CUDA memcpy Host-to-Device]  
     13.9         26148218  14186    1843.2    1824.0      1759      2688         52.3  [CUDA memcpy Device-to-Device]
      5.1          9539138   5982    1594.6    1440.0      1375    280290       6268.3  [CUDA memcpy Device-to-Host]  
[7/7] Executing 'cuda_gpu_mem_size_sum' stats report
 Total (MB)  Count  Avg (MB)  Med (MB)  Min (MB)  Max (MB)  StdDev (MB)            Operation           
 ----------  -----  --------  --------  --------  --------  -----------  ------------------------------
    598.952  26863     0.022     0.000     0.000     0.201        0.063  [CUDA memcpy Host-to-Device]  
      3.819  14186     0.000     0.000     0.000     0.803        0.014  [CUDA memcpy Device-to-Device]
      2.846   5982     0.000     0.000     0.000     0.803        0.018  [CUDA memcpy Device-to-Host]  
Generated:
    <project>/informes/torch-keras_mlp.nsys-rep
    <project>/informes/torch-keras_mlp.sqlite
==================== torch mlp simple (3 epochs) ====================
Environment: bm_torch_env
Epoch 1/3 - Train Loss: 0.9879 - Val Loss: 0.5963 - Val accuracy: 0.7882
Epoch 2/3 - Train Loss: 0.5872 - Val Loss: 0.4935 - Val accuracy: 0.8243
Epoch 3/3 - Train Loss: 0.5126 - Val Loss: 0.4525 - Val accuracy: 0.8370
Loss: 0.4555 - accuracy: 0.8451
Generating '/tmp/nsys-report-60b7.qdstrm'
[3/7] Executing 'nvtx_sum' stats report
 Time (%)  Total Time (ns)  Instances  Avg (ns)   Med (ns)   Min (ns)  Max (ns)  StdDev (ns)   Style           Range         
 --------  ---------------  ---------  ---------  ---------  --------  --------  -----------  -------  ----------------------
    100.0         17567529          2  8783764.5  8783764.5    615380  16952149   11551840.1  PushPop  cuBLAS:cublasCreate_v2
[4/7] Executing 'cuda_api_sum' stats report
 Time (%)  Total Time (ns)  Num Calls  Avg (ns)   Med (ns)   Min (ns)  Max (ns)  StdDev (ns)                      Name                     
 --------  ---------------  ---------  ---------  ---------  --------  --------  -----------  ---------------------------------------------
     76.5        831275376      92697     8967.7     7350.0      3680  12563625      80980.3  cudaLaunchKernel                             
     12.5        135611553       5968    22723.1    15655.5      1430    993549      22853.0  cudaStreamSynchronize                        
      5.3         58082416       5992     9693.3    10940.5      4421    392369       7608.1  cudaMemcpyAsync                              
      1.7         18046646       2250     8020.7     7820.0      5881    202380       4440.6  cuLaunchKernel                               
      1.4         15350686       8202     1871.6     1630.0       450   1209569      13387.2  cudaOccupancyMaxActiveBlocksPerMultiprocessor
      0.9         10165788      11255      903.2      910.0       290     18941        698.9  cudaStreamIsCapturing_v10000                 
      0.5          5059177         11   459925.2   343796.0      2940   1128035     420252.5  cudaMalloc                                   
      0.3          3527322          4   881830.5  1091943.0    205390   1138046     451484.1  cuLibraryLoadData                            
      0.3          3384441       2250     1504.2      911.0       700   1344886      28334.1  cuKernelGetFunction                          
      0.2          2122545          2  1061272.5  1061272.5      2161   2120384    1497809.8  cudaFree                                     
      0.2          2032869          7   290409.9    16761.0     10071   1876342     699568.6  cudaHostAlloc                                
      0.2          1943896          2   971948.0   971948.0    928876   1015020      60913.0  cudaGetDeviceProperties_v2_v12000            
      0.0           280331        838      334.5      280.0       130     40182       1382.6  cuGetProcAddress_v2                          
      0.0            38672         36     1074.2      410.0       300     10971       2233.7  cudaEventCreateWithFlags                     
      0.0            23791          5     4758.2     5340.0      1290      6431       2030.7  cuLibraryGetKernel                           
      0.0             6220          4     1555.0     1325.0      1280      2290        490.6  cuInit                                       
      0.0             3400          3     1133.3      240.0       160      3000       1617.1  cuModuleGetLoadingMode                       
      0.0              851          2      425.5      425.5       291       560        190.2  cudaGetDriverEntryPoint_v11030               
[5/7] Executing 'cuda_gpu_kern_sum' stats report
 Time (%)  Total Time (ns)  Instances  Avg (ns)  Med (ns)  Min (ns)  Max (ns)  StdDev (ns)                                                  Name                                                
 --------  ---------------  ---------  --------  --------  --------  --------  -----------  ----------------------------------------------------------------------------------------------------
     11.8         65791737       8911    7383.2    7136.0      5952     11296       1147.9  ampere_sgemm_32x32_sliced1x4_tn                                                                     
      8.6         47841550       2250   21262.9   21664.0     18656     35488       1270.3  void at::native::<unnamed>::multi_tensor_apply_kernel<at::native::<unnamed>::TensorListScalarListMe…
      6.8         37523033       2250   16676.9   16416.0     15936     31808       1095.9  void at::native::<unnamed>::multi_tensor_apply_kernel<at::native::<unnamed>::TensorListScalarListMe…
      6.6         36411627       2250   16182.9   16096.0     15648     22721        480.4  void at::native::<unnamed>::multi_tensor_apply_kernel<at::native::<unnamed>::TensorListMetadata<(in…
      5.9         33041100       2250   14684.9   14688.0     14080     15392        195.7  void at::native::<unnamed>::multi_tensor_apply_kernel<at::native::<unnamed>::TensorListMetadata<(in…
      5.5         30717649       2250   13652.3   13664.0     13536     13792         36.1  void at::native::<unnamed>::multi_tensor_apply_kernel<at::native::<unnamed>::TensorListMetadata<(in…
      4.7         26361121       4500    5858.0    6336.0      5215      6656        576.9  void at::native::reduce_kernel<(int)128, (int)4, at::native::ReduceOp<float, at::native::func_wrapp…
      4.7         26098057       4500    5799.6    5792.0      5696      5889         53.6  ampere_sgemm_32x32_sliced1x4_nt                                                                     
      4.4         24209497       2250   10759.8   10752.0     10656     12800         55.9  void at::native::<unnamed>::multi_tensor_apply_kernel<at::native::<unnamed>::TensorListMetadata<(in…
      4.3         24169250       2250   10741.9   10752.0     10624     10912         39.4  void at::native::<unnamed>::multi_tensor_apply_kernel<at::native::<unnamed>::TensorListMetadata<(in…
      3.4         18692025       5938    3147.9    3264.0      2783      3680        285.6  void cublasLt::splitKreduce_kernel<(int)32, (int)16, int, float, float, float, float, (bool)0, floa…
      3.1         17434841       2250    7748.8    7744.0      7648      7840         31.5  void cutlass::Kernel2<cutlass_80_simt_sgemm_128x32_8x5_nt_align1>(T1::Params)                       
      3.0         16462538       2250    7316.7    7328.0      6623      7488         72.9  void at::native::reduce_kernel<(int)256, (int)2, at::native::ReduceOp<float, at::native::func_wrapp…
      3.0         16422171       2971    5527.5    5536.0      5152      5824         76.4  void at::native::reduce_kernel<(int)512, (int)1, at::native::ReduceOp<float, at::native::MaxOps<flo…
      2.9         16142615       2250    7174.5    7201.0      6976      7265         82.6  ampere_sgemm_32x32_sliced1x4_nn                                                                     
      2.6         14251862       4500    3167.1    3168.0      3103      3233         37.2  void at::native::<unnamed>::fused_dropout_kernel_vec<float, float, unsigned int, (int)1, (int)4, bo…
      2.3         12619597       5942    2123.8    2112.0      2047      2432         26.6  void at::native::vectorized_elementwise_kernel<(int)4, at::native::<unnamed>::launch_clamp_scalar(a…
      2.2         12038429       2985    4033.0    4032.0      3360      4289         67.8  void at::native::reduce_kernel<(int)512, (int)1, at::native::ReduceOp<float, at::native::MeanOps<fl…
      2.0         11236542       2250    4994.0    5023.0      4896      5120         50.8  ampere_sgemm_128x32_nn                                                                              
      1.9         10771963       2971    3625.7    3616.0      2944      4224        217.5  void at::native::<unnamed>::nll_loss_forward_reduce_cuda_kernel_2d<float, float, long>(T1 *, T1 *, …
      1.7          9531227       4500    2118.1    2112.0      1984      2208         26.7  void at::native::vectorized_elementwise_kernel<(int)4, void at::native::<unnamed>::masked_scale_ker…
      1.7          9312704       4500    2069.5    2080.0      2015      2144         25.0  void at::native::vectorized_elementwise_kernel<(int)4, at::native::BinaryFunctor<float, float, floa…
      1.4          8002048       4512    1773.5    1792.0      1600      2752         46.9  void at::native::vectorized_elementwise_kernel<(int)4, at::native::FillFunctor<float>, std::array<c…
      1.2          6883657       2971    2316.9    2336.0      2207      2369         46.6  void at::native::unrolled_elementwise_kernel<at::native::direct_copy_kernel_cuda(at::TensorIterator…
      1.2          6704897       2971    2256.8    2241.0      2143      2528         51.7  void <unnamed>::softmax_warp_forward<float, float, float, (int)4, (bool)1, (bool)0>(T2 *, const T1 …
      1.2          6440325       2971    2167.7    2176.0      2047      2209         36.1  void at::native::vectorized_elementwise_kernel<(int)4, at::native::BinaryFunctor<long, long, bool, …
      1.0          5816913       2250    2585.3    2561.0      2432      2752         46.9  void at::native::<unnamed>::nll_loss_backward_reduce_cuda_kernel_2d<float, long>(T1 *, const T1 *, …
      0.9          4808351       2250    2137.0    2144.0      2079      2177         18.8  void <unnamed>::softmax_warp_backward<float, float, float, (int)4, (bool)1, (bool)0>(T2 *, const T1…
      0.0           140100         52    2694.2    2688.0      2528      2912         90.5  void at::native::<unnamed>::CatArrayBatchedCopy_alignedK_contig<at::native::<unnamed>::OpaqueType<(…
      0.0            10400          1   10400.0   10400.0     10400     10400          0.0  ampere_sgemm_32x128_tn                                                                              
      0.0             5727          1    5727.0    5727.0      5727      5727          0.0  void gemmSN_TN_kernel<float, (int)128, (int)16, (int)2, (int)4, (int)8, (int)9, (bool)0, cublasGemv…
[6/7] Executing 'cuda_gpu_mem_time_sum' stats report
 Time (%)  Total Time (ns)  Count  Avg (ns)  Med (ns)  Min (ns)  Max (ns)  StdDev (ns)            Operation           
 --------  ---------------  -----  --------  --------  --------  --------  -----------  ------------------------------
     99.9         98089807   5948   16491.2    1632.5      1024    119585      18875.4  [CUDA memcpy Host-to-Device]  
      0.1            64383     20    3219.2    1440.0      1408     31776       6806.0  [CUDA memcpy Device-to-Host]  
      0.0            48735     24    2030.6    1872.5      1664      2815        363.7  [CUDA memcpy Device-to-Device]
[7/7] Executing 'cuda_gpu_mem_size_sum' stats report
 Total (MB)  Count  Avg (MB)  Med (MB)  Min (MB)  Max (MB)  StdDev (MB)            Operation           
 ----------  -----  --------  --------  --------  --------  -----------  ------------------------------
    598.301   5948     0.101     0.003     0.000     0.803        0.100  [CUDA memcpy Host-to-Device]  
      3.762     24     0.157     0.003     0.000     0.803        0.299  [CUDA memcpy Device-to-Device]
      0.941     20     0.047     0.000     0.000     0.803        0.180  [CUDA memcpy Device-to-Host]  
Generated:
    <project>/informes/torch_mlp.nsys-rep
    <project>/informes/torch_mlp.sqlite
==================== torch-keras lstm simple (3 epochs) ====================
Environment: bm_torch_env
<conda>/envs/bm_torch_env/lib/python3.12/site-packages/keras/src/trainers/epoch_iterator.py:74: UserWarning: `shuffle=True` was passed, but will be ignored since the data `x` was provided as a torch DataLoader. The DataLoader is expected to already be shuffled.
  self.data_adapter = data_adapters.get_data_adapter(
Epoch 1/3
<conda>/envs/bm_torch_env/lib/python3.12/site-packages/keras/src/backend/torch/rnn.py:656: UserWarning: RNN module weights are not part of single contiguous chunk of memory. This means they need to be compacted at every call, possibly greatly increasing memory usage. To compact weights again call flatten_parameters(). (Triggered internally at /pytorch/aten/src/ATen/native/cudnn/RNN.cpp:1480.)
  outputs, h_n, c_n = torch._VF.lstm(
Epoch 2/3
Epoch 3/3
<conda>/envs/bm_torch_env/lib/python3.12/site-packages/keras/src/backend/torch/rnn.py:656: UserWarning: RNN module weights are not part of single contiguous chunk of memory. This means they need to be compacted at every call, possibly greatly increasing memory usage. To compact weights again call flatten_parameters(). (Triggered internally at /pytorch/aten/src/ATen/native/cudnn/RNN.cpp:1480.)
  outputs, h_n, c_n = torch._VF.lstm(
Generating '/tmp/nsys-report-f93c.qdstrm'
[3/7] Executing 'nvtx_sum' stats report
 Time (%)  Total Time (ns)  Instances  Avg (ns)   Med (ns)  Min (ns)  Max (ns)  StdDev (ns)   Style           Range         
 --------  ---------------  ---------  ---------  --------  --------  --------  -----------  -------  ----------------------
    100.0         14366520          6  2394420.0  177959.0    119306  13174450    5284089.8  PushPop  cuBLAS:cublasCreate_v2
[4/7] Executing 'cuda_api_sum' stats report
 Time (%)  Total Time (ns)  Num Calls  Avg (ns)  Med (ns)   Min (ns)  Max (ns)  StdDev (ns)                      Name                     
 --------  ---------------  ---------  --------  ---------  --------  --------  -----------  ---------------------------------------------
     68.0        848231764      74958   11316.1     7220.0      3711  49653838     264185.6  cudaLaunchKernel                             
     15.1        188750151      16502   11438.0    10660.0      4950    341496       6474.8  cudaMemcpyAsync                              
      7.5         93039170       7410   12555.9     7760.0      1590    208840      18954.8  cudaStreamSynchronize                        
      2.6         32256636      41840     771.0      630.0       380     20321        615.6  cudaStreamWaitEvent                          
      2.2         27107543      33694     804.5      580.0       320     29261        856.8  cudaEventRecord                              
      1.6         19849232       3101    6400.9     4910.0      3751    646502      11836.8  cuLaunchKernel                               
      0.4          5291581       2430    2177.6      680.0       260   3626208      73583.6  cuKernelGetFunction                          
      0.4          4883049          5  976609.8   928395.0    861602   1111685     120996.5  cudaGetDeviceProperties_v2_v12000            
      0.4          4593561       1861    2468.3     1800.0       400   1046632      24297.8  cudaOccupancyMaxActiveBlocksPerMultiprocessor
      0.3          3231459          4  807864.8  1006705.0    179508   1038541     419349.2  cuLibraryLoadData                            
      0.3          3219846       2946    1093.0      890.0       250     21932       1126.4  cudaStreamIsCapturing_v10000                 
      0.2          2679641         11  243603.7    28362.0     19691   2043090     601830.9  cudaHostAlloc                                
      0.2          2641872         27   97847.1    92664.0      2080    469943     127151.4  cudaMalloc                                   
      0.2          2565385       3026     847.8      510.0       250     16221        706.9  cudaEventCreateWithFlags                     
      0.2          2392137         22  108733.5     4625.0       580   1402249     304356.7  cudaFree                                     
      0.2          2370396          4  592599.0   557647.5    378688    876413     207190.4  cuLibraryUnload                              
      0.1          1797288         35   51351.1     3760.0      1761    956347     174017.3  cudaStreamCreateWithFlags                    
      0.1          1631144       2991     545.4      380.0       210      5410        293.6  cudaEventDestroy                             
      0.1           814154       2095     388.6      410.0        70     15591        430.5  cuGetProcAddress_v2                          
      0.0           260734        488     534.3      400.0       350     31102       1816.7  cudaMemsetAsync                              
      0.0            94335          1   94335.0    94335.0     94335     94335          0.0  cuModuleLoadData                             
      0.0            77196         16    4824.8     2385.0      1350     33282       7760.6  cudaDeviceSynchronize                        
      0.0            35681          3   11893.7     5230.0      4920     25531      11811.3  cudaStreamDestroy                            
      0.0            30141          7    4305.9     2090.0      1050     10430       3631.0  cuLibraryGetKernel                           
      0.0            21211          7    3030.1     1300.0      1000     12191       4088.2  cuInit                                       
      0.0             5180          3    1726.7      540.0       510      4130       2081.4  cudaEventCreate                              
      0.0             4120          6     686.7      125.0       110      3290       1278.7  cuModuleGetLoadingMode                       
      0.0             1070          2     535.0      535.0       230       840        431.3  cudaGetDriverEntryPoint_v11030               
[5/7] Executing 'cuda_gpu_kern_sum' stats report
 Time (%)  Total Time (ns)  Instances  Avg (ns)  Med (ns)  Min (ns)  Max (ns)  StdDev (ns)                                                  Name                                                
 --------  ---------------  ---------  --------  --------  --------  --------  -----------  ----------------------------------------------------------------------------------------------------
     18.6         78203860       1342   58274.1   59904.0     53728     60384       2696.4  void RNN_blockPersist_fp_LSTM<float, float, float, (int)32>(const T1 *, T2 *, const T1 *, T1 *, con…
     18.0         75767280        972   77949.9   77953.0     77153     78145        139.9  void RNN_blockPersist_bp_LSTM_FMA<float, float, float, (int)32>(block_bp_args_lstm<T1, T2>)         
     12.0         50685841        972   52145.9   52320.0     30560     55489       1864.4  void GENERIC_elementWise_bp2<float, float, float, (int)4, (cudnnRNNBiasMode_t)2>(int, int, T1 *, T1…
      5.7         23952586       7733    3097.5    2880.0      2400      3777        374.9  void at::native::elementwise_kernel<(int)128, (int)2, void at::native::gpu_kernel_impl_nocast<at::n…
      5.6         23783290      13828    1719.9    1728.0      1567      2432         75.8  void at::native::vectorized_elementwise_kernel<(int)4, at::native::FillFunctor<float>, std::array<c…
      2.9         12023481       3170    3792.9    3904.0      3167      4353        362.3  void at::native::reduce_kernel<(int)512, (int)1, at::native::ReduceOp<float, at::native::func_wrapp…
      2.6         10820233       1830    5912.7    6400.0      4032      6912       1036.4  ampere_sgemm_32x128_tn                                                                              
      2.3          9708342       4540    2138.4    2144.0      1984      2368         56.2  void at::native::vectorized_elementwise_kernel<(int)4, at::native::<unnamed>::where_kernel_impl(at:…
      2.2          9423492       1458    6463.3    6560.0      5056      6816        214.6  void cutlass::Kernel2<cutlass_80_tensorop_s1688gemm_64x64_16x6_nt_align4>(T1::Params)               
      1.9          7929599       4054    1956.0    1952.0      1791      2049         52.8  void at::native::vectorized_elementwise_kernel<(int)4, at::native::AUnaryFunctor<float, float, bool…
      1.9          7805773       4026    1938.8    1952.0      1759      2241         63.0  void at::native::vectorized_elementwise_kernel<(int)4, at::native::CUDAFunctor_add<float>, std::arr…
      1.8          7785639       1944    4005.0    4000.0      3840      4672         80.5  void cublasLt::splitKreduce_kernel<(int)32, (int)16, int, float, float, float, float, (bool)0, floa…
      1.7          7343391       1330    5521.3    5536.0      5248      5728         66.7  void at::native::reduce_kernel<(int)128, (int)4, at::native::ReduceOp<float, at::native::MeanOps<fl…
      1.7          7013216       1156    6066.8    4640.0      4480      8192       1709.8  ampere_sgemm_32x128_nn                                                                              
      1.6          6647775       2999    2216.7    2209.0      2079      2401         53.3  void at::native::vectorized_elementwise_kernel<(int)4, at::native::BinaryFunctor<float, float, floa…
      1.4          5788038        972    5954.8    6095.5      5503      6592        303.3  ampere_sgemm_32x32_sliced1x4_nt                                                                     
      1.2          5025438       1458    3446.8    3392.0      3359      3617         95.2  void at::native::<unnamed>::multi_tensor_apply_kernel<at::native::<unnamed>::TensorListMetadata<(in…
      1.2          5004012       1458    3432.1    3136.0      2911      4321        510.3  void at::native::<unnamed>::fused_dropout_kernel_vec<float, float, unsigned int, (int)1, (int)4, bo…
      1.0          4273470        486    8793.1    8800.0      6975      9504        151.8  void cutlass::Kernel2<cutlass_80_tensorop_s1688gemm_64x64_16x6_nt_align1>(T1::Params)               
      0.9          3858074        486    7938.4    7937.0      6368      8192        146.7  void at::native::reduce_kernel<(int)128, (int)4, at::native::ReduceOp<float, at::native::func_wrapp…
      0.8          3572010       1342    2661.7    2640.5      2271      2944        244.6  void at::native::elementwise_kernel<(int)128, (int)2, void at::native::gpu_kernel_impl_nocast<at::n…
      0.8          3282940        486    6755.0    6752.0      5921      6785         69.8  ampere_sgemm_32x128_nt                                                                              
      0.8          3205067       1643    1950.7    1952.0      1823      2208         59.3  void at::native::vectorized_elementwise_kernel<(int)4, at::native::BinaryFunctor<float, float, floa…
      0.7          2983745        486    6139.4    6112.0      5056      6529        152.0  void cutlass::Kernel2<cutlass_80_tensorop_s1688gemm_64x64_16x6_nn_align4>(T1::Params)               
      0.7          2898851       1342    2160.1    2112.0      1951      2400        121.0  void at::native::vectorized_elementwise_kernel<(int)4, at::native::<unnamed>::launch_clamp_scalar(a…
      0.6          2729732       1157    2359.3    2368.0      2207      2529         60.8  void at::native::unrolled_elementwise_kernel<at::native::direct_copy_kernel_cuda(at::TensorIterator…
      0.6          2719491        972    2797.8    2815.0      2719      2880         43.5  void at::native::<unnamed>::multi_tensor_apply_kernel<at::native::<unnamed>::TensorListMetadata<(in…
      0.6          2651823        671    3952.0    3936.0      3648      4128         92.3  reduction_prod_kernel                                                                               
      0.6          2573086        972    2647.2    2656.0      2592      3136         23.0  void LSTM_elementWise_bp1<float, float, float>(int, int, T1 *, T1 *, T1 *, T1 *, T1 *, T1 *, T1 *, …
      0.6          2529845        972    2602.7    2624.0      2367      2752         88.8  void at::native::vectorized_elementwise_kernel<(int)4, at::native::<unnamed>::pow_tensor_tensor_ker…
      0.5          2179194        972    2242.0    2272.0      1856      2657        264.7  void at::native::vectorized_elementwise_kernel<(int)4, void at::native::<unnamed>::masked_scale_ker…
      0.5          2000021        972    2057.6    2048.0      1887      2208         67.8  void at::native::vectorized_elementwise_kernel<(int)4, at::native::BinaryFunctor<float, float, floa…
      0.5          1968456        972    2025.2    2048.0      1919      2240         55.6  void at::native::vectorized_elementwise_kernel<(int)4, at::native::CUDAFunctor_add<int>, std::array…
      0.5          1941641        486    3995.1    4000.0      3967      4096         15.6  void at::native::<unnamed>::multi_tensor_apply_kernel<at::native::<unnamed>::TensorListMetadata<(in…
      0.5          1906310        671    2841.0    2880.0      2656      2913         77.4  std::enable_if<!T7, void>::type internal::gemvx::kernel<int, int, float, float, float, float, (bool…
      0.5          1903783        486    3917.2    3920.0      3615      3968         30.9  void at::native::elementwise_kernel<(int)128, (int)2, void at::native::gpu_kernel_impl_nocast<void …
      0.4          1871934        486    3851.7    3840.0      3807      3873         16.4  void at::native::<unnamed>::multi_tensor_apply_kernel<at::native::<unnamed>::TensorListMetadata<(in…
      0.4          1838863        972    1891.8    1888.0      1759      2080         62.4  void at::native::vectorized_elementwise_kernel<(int)4, at::native::CUDAFunctorOnOther_add<float>, s…
      0.4          1484555        486    3054.6    3040.0      3007      3137         22.8  void at::native::<unnamed>::multi_tensor_apply_kernel<at::native::<unnamed>::TensorListMetadata<(in…
      0.3          1465803        486    3016.1    3008.0      2976      3104         15.9  void at::native::<unnamed>::multi_tensor_apply_kernel<at::native::<unnamed>::TensorListMetadata<(in…
      0.3          1416158        486    2913.9    2912.0      2879      3040         16.5  void at::native::<unnamed>::multi_tensor_apply_kernel<at::native::<unnamed>::TensorListMetadata<(in…
      0.3          1274561        671    1899.5    1920.0      1792      1984         50.8  void at::native::vectorized_elementwise_kernel<(int)4, at::native::AbsFunctor<float>, std::array<ch…
      0.3          1272911        671    1897.0    1920.0      1823      2048         50.6  void at::native::vectorized_elementwise_kernel<(int)4, void at::native::<unnamed>::pow_tensor_scala…
      0.3          1258736        486    2590.0    2624.0      2399      3072         78.1  void gemvNSP_kernel<float, float, float, float, (int)1, (int)32, (int)4, (int)1024, (bool)0, cublas…
      0.3          1205901        486    2481.3    2496.0      2367      2655         64.9  void at::native::elementwise_kernel<(int)128, (int)2, void at::native::gpu_kernel_impl_nocast<at::n…
      0.3          1129183        486    2323.4    2336.0      2271      2368         17.8  void gemmk1_kernel<int, float, (int)256, (int)5, (bool)0, (bool)0, (bool)0, (bool)0, cublasGemvTens…
      0.3          1081451        486    2225.2    2240.0      2112      2368         47.3  void at::native::vectorized_elementwise_kernel<(int)4, at::native::sqrt_kernel_cuda(at::TensorItera…
      0.2           963389        492    1958.1    1984.0      1855      2240         48.3  void at::native::vectorized_elementwise_kernel<(int)4, at::native::AUnaryFunctor<float, float, floa…
      0.2           926026        486    1905.4    1920.0      1791      1984         48.8  void at::native::vectorized_elementwise_kernel<(int)4, at::native::neg_kernel_cuda(at::TensorIterat…
      0.0            81665          2   40832.5   40832.5     40801     40864         44.5  void geqr2_smem<float, float, (int)8, (int)6, (int)4>(int, int, T1 *, unsigned long, T1 *, int)     
      0.0            53634         12    4469.5    4512.0      4063      4576        132.2  void at::native::reduce_kernel<(int)512, (int)1, at::native::ReduceOp<float, at::native::MeanOps<fl…
      0.0            21824          3    7274.7    7264.0      7264      7296         18.5  ampere_sgemm_32x32_sliced1x4_nn                                                                     
      0.0            14625          2    7312.5    7312.5      7265      7360         67.2  void larft_T_32<float, (int)256>(int, T1 *, int, long, const T1 *, long)                            
      0.0            11296          6    1882.7    1776.0      1696      2368        253.9  void at::native::unrolled_elementwise_kernel<at::native::CUDAFunctor_add<int>, std::array<char *, (…
      0.0             9759          6    1626.5    1616.0      1600      1664         31.2  copy_info_kernel(int, int *)                                                                        
      0.0             9536          4    2384.0    2384.0      2304      2464         76.2  void at::native::<unnamed>::distribution_elementwise_grid_stride_kernel<float, (int)4, void at::nat…
      0.0             7744          4    1936.0    1904.0      1824      2112        123.9  void at::native::vectorized_elementwise_kernel<(int)4, at::native::CUDAFunctorOnSelf_add<float>, st…
      0.0             7327          2    3663.5    3663.5      3424      3903        338.7  void at::native::triu_tril_kernel<float, int, (bool)1, (int)2, (bool)0>(at::cuda::detail::TensorInf…
      0.0             6752          4    1688.0    1695.5      1664      1697         16.0  void at::native::vectorized_elementwise_kernel<(int)4, at::native::FillFunctor<int>, std::array<cha…
      0.0             6656          2    3328.0    3328.0      3327      3329          1.4  void gemmSN_NN_kernel<float, (int)256, (int)4, (int)2, (int)8, (int)4, (int)4, (bool)0, cublasGemvT…
      0.0             6208          2    3104.0    3104.0      3104      3104          0.0  void at::native::elementwise_kernel<(int)128, (int)2, void at::native::gpu_kernel_impl_nocast<at::n…
      0.0             5441          2    2720.5    2720.5      2720      2721          0.7  void at::native::<unnamed>::distribution_elementwise_grid_stride_kernel<float, (int)4, void at::nat…
      0.0             5440          2    2720.0    2720.0      2720      2720          0.0  void larft_vtv_32<float, (int)128>(long, long, const T1 *, long, long, T1 *, long, long)            
      0.0             5376          2    2688.0    2688.0      2624      2752         90.5  void at::native::<unnamed>::CatArrayBatchedCopy_vectorized<at::native::<unnamed>::OpaqueType<(unsig…
      0.0             4288          2    2144.0    2144.0      2144      2144          0.0  void lacpy_kernel<float, float, (int)5, (int)3>(long, long, const T1 *, long, long, T2 *, long, lon…
      0.0             3904          2    1952.0    1952.0      1952      1952          0.0  void at::native::vectorized_elementwise_kernel<(int)4, at::native::sign_kernel_cuda(at::TensorItera…
      0.0             3872          2    1936.0    1936.0      1920      1952         22.6  void batch_eye_kernel<float, (int)5, (int)3>(long, long, T1 *, unsigned long, long long, int)       
      0.0             3488          2    1744.0    1744.0      1728      1760         22.6  void orgqr_step1_kernel<float, (int)5, (int)3>(int, int, int, T1 *, int)                            
[6/7] Executing 'cuda_gpu_mem_time_sum' stats report
 Time (%)  Total Time (ns)  Count  Avg (ns)  Med (ns)  Min (ns)  Max (ns)  StdDev (ns)            Operation           
 --------  ---------------  -----  --------  --------  --------  --------  -----------  ------------------------------
     71.2         46472708   6013    7728.7    1120.0       992    201794      20173.0  [CUDA memcpy Host-to-Device]  
     25.7         16776531   9092    1845.2    1825.0      1663      2017         73.4  [CUDA memcpy Device-to-Device]
      3.1          2023558   1397    1448.5    1440.0      1375      2976         74.9  [CUDA memcpy Device-to-Host]  
      0.0             4415      2    2207.5    2207.5      2143      2272         91.2  [CUDA memset]                 
[7/7] Executing 'cuda_gpu_mem_size_sum' stats report
 Total (MB)  Count  Avg (MB)  Med (MB)  Min (MB)  Max (MB)  StdDev (MB)            Operation           
 ----------  -----  --------  --------  --------  --------  -----------  ------------------------------
    271.336   6013     0.045     0.000     0.000     0.406        0.127  [CUDA memcpy Host-to-Device]  
     11.024   9092     0.001     0.000     0.000     0.004        0.002  [CUDA memcpy Device-to-Device]
      0.054   1397     0.000     0.000     0.000     0.004        0.000  [CUDA memcpy Device-to-Host]  
      0.041      2     0.021     0.021     0.021     0.021        0.000  [CUDA memset]                 
Generated:
    <project>/informes/torch-keras_lstm.nsys-rep
    <project>/informes/torch-keras_lstm.sqlite
==================== torch lstm simple (3 epochs) ====================
Environment: bm_torch_env
Epoch 1/3 - Train Loss: 0.2776 - Val Loss: 0.2268 - Val mae: 0.4211
Epoch 2/3 - Train Loss: 0.1456 - Val Loss: 0.0684 - Val mae: 0.2383
Epoch 3/3 - Train Loss: 0.0700 - Val Loss: 0.0333 - Val mae: 0.1598
Loss: 0.0546 - mae: 0.2081
Generating '/tmp/nsys-report-d4b2.qdstrm'
[3/7] Executing 'nvtx_sum' stats report
 Time (%)  Total Time (ns)  Instances  Avg (ns)   Med (ns)   Min (ns)  Max (ns)  StdDev (ns)   Style           Range         
 --------  ---------------  ---------  ---------  ---------  --------  --------  -----------  -------  ----------------------
    100.0          4595947          2  2297973.5  2297973.5    590389   4005558    2414889.2  PushPop  cuBLAS:cublasCreate_v2
[4/7] Executing 'cuda_api_sum' stats report
 Time (%)  Total Time (ns)  Num Calls  Avg (ns)   Med (ns)   Min (ns)  Max (ns)  StdDev (ns)                      Name                     
 --------  ---------------  ---------  ---------  ---------  --------  --------  -----------  ---------------------------------------------
     67.9        461190939      36623    12592.9     6590.0      3620  53017607     333845.1  cudaLaunchKernel                             
     13.4         90772071       1374    66064.1     8765.0      1920    217551      69458.1  cudaStreamSynchronize                        
      4.7         31924765      41840      763.0      610.0       370   1025150       6506.0  cudaStreamWaitEvent                          
      3.9         26474929      33694      785.7      550.0       310    667843       5118.4  cudaEventRecord                              
      2.0         13742613       1412     9732.7    10841.0      4400    113526       7950.4  cudaMemcpyAsync                              
      1.7         11468428       2430     4719.5     4410.0      3520     65414       2335.9  cuLaunchKernel                               
      1.7         11358920          4  2839730.0  3445775.0    680433   3786937    1449374.6  cuLibraryLoadData                            
      0.8          5750116       1670     3443.2     1450.0       440   3090643      75641.2  cudaOccupancyMaxActiveBlocksPerMultiprocessor
      0.7          4988295       2430     2052.8      620.0       270   3406818      69123.7  cuKernelGetFunction                          
      0.6          3752085          4   938021.3   897174.0    852772   1104965     117813.2  cudaGetDeviceProperties_v2_v12000            
      0.5          3584596          4   896149.0   703084.5    389609   1788818     622813.5  cuLibraryUnload                              
      0.5          3079267       3408      903.5      850.0       300     19621        816.4  cudaStreamIsCapturing_v10000                 
      0.3          2320653         14   165760.9   116210.5      3420    441652     165024.9  cudaMalloc                                   
      0.3          2312164       2954      782.7      470.0       290     12611        623.1  cudaEventCreateWithFlags                     
      0.3          1994428          4   498607.0    13940.5      2760   1963787     976832.4  cudaFree                                     
      0.3          1928805          7   275543.6    39862.0     12821   1235211     444746.8  cudaHostAlloc                                
      0.2          1541082       2916      528.5      340.0       240     17371        429.2  cudaEventDestroy                             
      0.1           594368       1676      354.6      290.0        80     11021        396.1  cuGetProcAddress_v2                          
      0.1           513186         32    16037.1     2685.5      1800    196499      41400.0  cudaStreamCreateWithFlags                    
      0.0           297214        488      609.0      450.0       340     45602       2370.3  cudaMemsetAsync                              
      0.0            32303          7     4614.7     5341.0      1320      8160       3161.7  cuLibraryGetKernel                           
      0.0            21892          6     3648.7     2095.0      1130     12741       4498.6  cuInit                                       
      0.0             3930          5      786.0      290.0       120      3040       1264.0  cuModuleGetLoadingMode                       
      0.0             1430          2      715.0      715.0       340      1090        530.3  cudaGetDriverEntryPoint_v11030               
[5/7] Executing 'cuda_gpu_kern_sum' stats report
 Time (%)  Total Time (ns)  Instances  Avg (ns)  Med (ns)  Min (ns)  Max (ns)  StdDev (ns)                                                  Name                                                
 --------  ---------------  ---------  --------  --------  --------  --------  -----------  ----------------------------------------------------------------------------------------------------
     23.7         78108807       1342   58203.3   59809.0     53728     60001       2691.6  void RNN_blockPersist_fp_LSTM<float, float, float, (int)32>(const T1 *, T2 *, const T1 *, T1 *, con…
     23.1         76136363        972   78329.6   78336.0     77600     78465         63.4  void RNN_blockPersist_bp_LSTM_FMA<float, float, float, (int)32>(block_bp_args_lstm<T1, T2>)         
     15.2         50304085        972   51753.2   51904.0     30464     54272       1821.0  void GENERIC_elementWise_bp2<float, float, float, (int)4, (cudnnRNNBiasMode_t)2>(int, int, T1 *, T1…
      3.8         12482169       3772    3309.2    3520.0      2367      3777        473.9  void at::native::elementwise_kernel<(int)128, (int)2, void at::native::gpu_kernel_impl_nocast<at::n…
      3.7         12223554       7084    1725.5    1696.0      1567      2209         92.7  void at::native::vectorized_elementwise_kernel<(int)4, at::native::FillFunctor<float>, std::array<c…
      3.7         12071332       2013    5996.7    6401.0      4831      6976        754.7  ampere_sgemm_32x128_tn                                                                              
      2.9          9551642       1458    6551.2    6623.0      5152      6785        193.0  void cutlass::Kernel2<cutlass_80_tensorop_s1688gemm_64x64_16x6_nt_align4>(T1::Params)               
      2.3          7714838       1944    3968.5    3969.0      3840      4608         64.3  void cublasLt::splitKreduce_kernel<(int)32, (int)16, int, float, float, float, float, (bool)0, floa…
      1.9          6268920        972    6449.5    6624.0      5983      6944        286.6  ampere_sgemm_32x32_sliced1x4_nt                                                                     
      1.5          4996014       1458    3426.6    3104.0      2912      4320        510.6  void at::native::<unnamed>::fused_dropout_kernel_vec<float, float, unsigned int, (int)1, (int)4, bo…
      1.5          4869677       1356    3591.2    3584.0      3264      4257        207.4  void at::native::reduce_kernel<(int)512, (int)1, at::native::ReduceOp<float, at::native::MeanOps<fl…
      1.3          4312268        486    8873.0    8896.0      7104      9088        148.8  void cutlass::Kernel2<cutlass_80_tensorop_s1688gemm_64x64_16x6_nt_align1>(T1::Params)               
      1.2          3948597        486    8124.7    8129.0      6624      8320        146.7  void at::native::reduce_kernel<(int)128, (int)4, at::native::ReduceOp<float, at::native::func_wrapp…
      1.2          3911092        483    8097.5    8096.0      8063      8129         17.1  ampere_sgemm_32x128_nn                                                                              
      1.0          3282612        486    6754.3    6752.0      5919      6785         68.4  ampere_sgemm_32x128_nt                                                                              
      0.9          2932562       1342    2185.2    2208.0      1951      2337         90.6  void at::native::vectorized_elementwise_kernel<(int)4, at::native::<unnamed>::launch_clamp_scalar(a…
      0.9          2927103        486    6022.8    6016.0      5089      6080         74.4  void cutlass::Kernel2<cutlass_80_tensorop_s1688gemm_64x64_16x6_nn_align4>(T1::Params)               
      0.8          2590244        972    2664.9    2656.0      2624      3168         22.1  void LSTM_elementWise_bp1<float, float, float>(int, int, T1 *, T1 *, T1 *, T1 *, T1 *, T1 *, T1 *, …
      0.7          2311812        486    4756.8    4768.0      4704      4801         16.3  void at::native::<unnamed>::multi_tensor_apply_kernel<at::native::<unnamed>::TensorListScalarListMe…
      0.7          2209927        972    2273.6    2272.0      1888      2657        243.8  void at::native::vectorized_elementwise_kernel<(int)4, void at::native::<unnamed>::masked_scale_ker…
      0.6          2038705        486    4194.9    4192.0      4159      4225         17.0  ampere_sgemm_128x32_nn                                                                              
      0.6          2004689        972    2062.4    2049.0      1919      2176         54.2  void at::native::vectorized_elementwise_kernel<(int)4, at::native::BinaryFunctor<float, float, floa…
      0.6          1990184        671    2966.0    2944.0      2847      3104         60.8  std::enable_if<!T7, void>::type internal::gemvx::kernel<int, int, float, float, float, float, (bool…
      0.6          1944634        486    4001.3    4000.0      3680      4191         60.5  void at::native::reduce_kernel<(int)512, (int)1, at::native::ReduceOp<float, at::native::func_wrapp…
      0.6          1893443        486    3896.0    3904.0      3616      3936         26.5  void at::native::elementwise_kernel<(int)128, (int)2, void at::native::gpu_kernel_impl_nocast<void …
      0.6          1881403        486    3871.2    3872.0      3839      3905         14.5  void at::native::<unnamed>::multi_tensor_apply_kernel<at::native::<unnamed>::TensorListMetadata<(in…
      0.5          1775265        486    3652.8    3648.0      3584      3713         22.6  void at::native::<unnamed>::multi_tensor_apply_kernel<at::native::<unnamed>::TensorListScalarListMe…
      0.5          1525059        486    3138.0    3104.0      3071      3264         52.1  void at::native::<unnamed>::multi_tensor_apply_kernel<at::native::<unnamed>::TensorListMetadata<(in…
      0.4          1433861        486    2950.3    2944.0      2880      3072         34.7  void at::native::<unnamed>::multi_tensor_apply_kernel<at::native::<unnamed>::TensorListMetadata<(in…
      0.4          1374336        486    2827.9    2816.0      2815      2944         16.3  void at::native::<unnamed>::multi_tensor_apply_kernel<at::native::<unnamed>::TensorListMetadata<(in…
      0.4          1367956        486    2814.7    2816.0      2752      2849         17.4  void at::native::<unnamed>::multi_tensor_apply_kernel<at::native::<unnamed>::TensorListMetadata<(in…
      0.4          1327109        671    1977.8    1984.0      1855      2113         57.0  void at::native::vectorized_elementwise_kernel<(int)4, at::native::mse_kernel_cuda(at::TensorIterat…
      0.4          1293919        671    1928.3    1952.0      1823      1985         41.0  void at::native::vectorized_elementwise_kernel<(int)4, at::native::CUDAFunctor_add<float>, std::arr…
      0.4          1288055        671    1919.6    1920.0      1792      1984         40.1  void at::native::vectorized_elementwise_kernel<(int)4, at::native::AbsFunctor<float>, std::array<ch…
      0.4          1260217        486    2593.0    2624.0      2400      3072         60.6  void gemvNSP_kernel<float, float, float, float, (int)1, (int)32, (int)4, (int)1024, (bool)0, cublas…
      0.4          1234150        486    2539.4    2560.0      2431      2593         34.3  void at::native::elementwise_kernel<(int)128, (int)2, void at::native::gpu_kernel_impl_nocast<at::n…
      0.3          1126368        486    2317.6    2305.0      2271      2368         21.0  void gemmk1_kernel<int, float, (int)256, (int)5, (bool)0, (bool)0, (bool)0, (bool)0, cublasGemvTens…
      0.0            52641         20    2632.1    2656.0      2495      2784         97.5  void at::native::<unnamed>::CatArrayBatchedCopy_alignedK_contig<at::native::<unnamed>::OpaqueType<(…
      0.0            21727          3    7242.3    7232.0      7231      7264         18.8  ampere_sgemm_32x32_sliced1x4_nn                                                                     
[6/7] Executing 'cuda_gpu_mem_time_sum' stats report
 Time (%)  Total Time (ns)  Count  Avg (ns)  Med (ns)  Min (ns)  Max (ns)  StdDev (ns)            Operation           
 --------  ---------------  -----  --------  --------  --------  --------  -----------  ------------------------------
     99.9         81925410   1354   60506.2    1200.0      1024    208801      69467.5  [CUDA memcpy Host-to-Device]  
      0.1            70625     38    1858.6    1888.0      1696      2112         89.4  [CUDA memcpy Device-to-Device]
      0.0            29152     20    1457.6    1440.0      1376      1728         91.4  [CUDA memcpy Device-to-Host]  
      0.0             4544      2    2272.0    2272.0      2176      2368        135.8  [CUDA memset]                 
[7/7] Executing 'cuda_gpu_mem_size_sum' stats report
 Total (MB)  Count  Avg (MB)  Med (MB)  Min (MB)  Max (MB)  StdDev (MB)            Operation           
 ----------  -----  --------  --------  --------  --------  -----------  ------------------------------
    271.166   1354     0.200     0.000     0.000     0.406        0.202  [CUDA memcpy Host-to-Device]  
      0.083     38     0.002     0.000     0.000     0.009        0.003  [CUDA memcpy Device-to-Device]
      0.041      2     0.021     0.021     0.021     0.021        0.000  [CUDA memset]                 
      0.017     20     0.001     0.000     0.000     0.009        0.002  [CUDA memcpy Device-to-Host]  
Generated:
    <project>/informes/torch_lstm.nsys-rep
    <project>/informes/torch_lstm.sqlite
