==================== torch-keras lstm simple en torch_env ====================
keras 3.8.0 | torch 2.6.0+cu124
Epoch 1/3
Epoch 2/3
Epoch 3/3
Generating '/tmp/nsys-report-4211.qdstrm'
[3/7] Executing 'nvtx_sum' stats report
 Time (%)  Total Time (ns)  Instances  Avg (ns)   Med (ns)  Min (ns)  Max (ns)  StdDev (ns)   Style           Range         
 --------  ---------------  ---------  ---------  --------  --------  --------  -----------  -------  ----------------------
    100.0         33769178          6  5628196.3  219655.5    119666  32731107   13278047.4  PushPop  cuBLAS:cublasCreate_v2
[4/7] Executing 'cuda_api_sum' stats report
 Time (%)  Total Time (ns)  Num Calls  Avg (ns)   Med (ns)   Min (ns)  Max (ns)   StdDev (ns)                      Name                     
 --------  ---------------  ---------  ---------  ---------  --------  ---------  -----------  ---------------------------------------------
     96.3      28238243710    5512662     5122.4     4330.0      2910  101749215      98357.1  cudaLaunchKernel                             
      2.6        765392911     599357     1277.0     1050.0       380   23396362      30261.7  cudaOccupancyMaxActiveBlocksPerMultiprocessor
      0.6        164047220      14535    11286.4     9090.0      2950     167448       6382.0  cudaMemcpyAsync                              
      0.4        121713970       9654    12607.6     6810.0      1580     339417      22866.6  cudaStreamSynchronize                        
      0.0          8133496          4  2033374.0  2257145.0    206470    3412736    1509488.1  cuLibraryLoadData                            
      0.0          6218452        671     9267.4     8860.0      7611      23592       1940.3  cuLaunchKernel                               
      0.0          2939703         20   146985.2     6375.5       450    1859701     417609.0  cudaFree                                     
      0.0          2870829       2949      973.5      790.0       260      11171        766.5  cudaStreamIsCapturing_v10000                 
      0.0          2720558         28    97162.8   107300.0      1880     363998      93166.8  cudaMalloc                                   
      0.0          2456941          8   307117.6    34331.5     16031    2014578     692758.0  cudaHostAlloc                                
      0.0          1925413          2   962706.5   962706.5    939995     985418      32118.9  cudaGetDeviceProperties_v2_v12000            
      0.0          1855891          6   309315.2   119580.5     31631    1317205     496764.2  cuLibraryUnload                              
      0.0           727805          3   242601.7     5420.0      5040     717345     411139.8  cudaStreamCreateWithFlags                    
      0.0           549414       1219      450.7      220.0        80     137047       4400.8  cuGetProcAddress_v2                          
      0.0           136598         16     8537.4     2075.5      1080      83204      20597.6  cudaDeviceSynchronize                        
      0.0            85414         75     1138.9      830.0       220      12611       1671.5  cudaEventDestroy                             
      0.0            81074          1    81074.0    81074.0     81074      81074          0.0  cuModuleLoadData                             
      0.0            69715        108      645.5      360.0       250      14320       1529.7  cudaEventCreateWithFlags                     
      0.0            39652          3    13217.3     8390.0      7301      23961       9320.2  cudaStreamDestroy                            
      0.0             9540          4     2385.0     2240.0      2010       3050        457.1  cuLibraryGetKernel                           
      0.0             8730          4     2182.5     1290.0      1110       5040       1910.8  cuInit                                       
      0.0             3970          3     1323.3      540.0       470       2960       1417.8  cudaEventCreate                              
      0.0             2780          4      695.0      160.0       100       2360       1110.8  cuModuleGetLoadingMode                       
      0.0             1290          2      645.0      645.0       250       1040        558.6  cudaGetDriverEntryPoint_v11030               
[5/7] Executing 'cuda_gpu_kern_sum' stats report
 Time (%)  Total Time (ns)  Instances  Avg (ns)  Med (ns)  Min (ns)  Max (ns)  StdDev (ns)                                                  Name                                                
 --------  ---------------  ---------  --------  --------  --------  --------  -----------  ----------------------------------------------------------------------------------------------------
     17.4       2740144061    1423277    1925.2    1920.0      1728      2305         45.8  void at::native::vectorized_elementwise_kernel<(int)4, at::native::BinaryFunctor<float, float, floa…
     11.5       1823567807     949190    1921.2    1920.0      1695      2144         65.6  void at::native::vectorized_elementwise_kernel<(int)4, at::native::CUDAFunctor_add<float>, std::arr…
     11.5       1820249012     389180    4677.1    4576.0      4480      5408        172.8  ampere_sgemm_128x32_nn                                                                              
     11.2       1772339831     583770    3036.0    3041.0      2784      3296        102.7  void at::native::elementwise_kernel<(int)128, (int)2, void at::native::gpu_kernel_impl_nocast<at::n…
     10.1       1595903992     279936    5701.0    5696.0      5535      5889         64.8  ampere_sgemm_32x32_sliced1x4_nt                                                                     
      7.5       1179446290     208980    5643.8    5664.0      5535      5729         32.7  ampere_sgemm_32x32_sliced1x4_tn                                                                     
      7.4       1171375700     140454    8339.9    8320.0      5888      9345        235.8  void at::native::reduce_kernel<(int)128, (int)4, at::native::ReduceOp<float, at::native::func_wrapp…
      5.1        805297603     419904    1917.8    1920.0      1791      2081         29.7  void at::native::vectorized_elementwise_kernel<(int)4, at::native::sigmoid_backward_kernel_cuda(at:…
      5.0        784974868     265430    2957.4    2944.0      2272      3169         45.5  void at::native::elementwise_kernel<(int)128, (int)2, void at::native::gpu_kernel_impl_nocast<at::n…
      3.7        583505769     194590    2998.6    3039.0      2752      3328        107.2  void at::native::elementwise_kernel<(int)128, (int)2, void at::native::gpu_kernel_impl_nocast<at::n…
      3.4        537326881     279936    1919.5    1920.0      1823      2081         32.3  void at::native::vectorized_elementwise_kernel<(int)4, at::native::tanh_backward_kernel_cuda(at::Te…
      2.8        444678284     142282    3125.3    3105.0      2848      3424         42.4  void at::native::<unnamed>::CatArrayBatchedCopy_aligned16_contig<at::native::<unnamed>::OpaqueType<…
      2.7        421713760     194590    2167.2    2176.0      1888      2305         96.2  void at::native::vectorized_elementwise_kernel<(int)4, at::native::tanh_kernel_cuda(at::TensorItera…
      0.1         12072493       3170    3808.4    3840.0      3232      4417        338.7  void at::native::reduce_kernel<(int)512, (int)1, at::native::ReduceOp<float, at::native::func_wrapp…
      0.1         10426567       6201    1681.4    1696.0      1535      2464         39.4  void at::native::vectorized_elementwise_kernel<(int)4, at::native::FillFunctor<float>, std::array<c…
      0.0          7424878       1330    5582.6    5568.0      5439      5760         55.5  void at::native::reduce_kernel<(int)128, (int)4, at::native::ReduceOp<float, at::native::MeanOps<fl…
      0.0          6142331       2999    2048.1    2049.0      1919      2113         40.1  void at::native::vectorized_elementwise_kernel<(int)4, at::native::BinaryFunctor<float, float, floa…
      0.0          5087095       1458    3489.1    3136.0      2943      4353        553.6  void at::native::<unnamed>::fused_dropout_kernel_vec<float, float, unsigned int, (int)1, (int)4, bo…
      0.0          5042623       1458    3458.6    3423.0      3359      3776         86.1  void at::native::<unnamed>::multi_tensor_apply_kernel<at::native::<unnamed>::TensorListMetadata<(in…
      0.0          4988473       2513    1985.1    1984.0      1824      2177         50.5  void at::native::vectorized_elementwise_kernel<(int)4, at::native::<unnamed>::where_kernel_impl(at:…
      0.0          4118577       1134    3631.9    3488.5      3168      4257        259.5  void at::native::reduce_kernel<(int)512, (int)1, at::native::ReduceOp<float, at::native::MeanOps<fl…
      0.0          3836530       2027    1892.7    1919.0      1791      1953         34.3  void at::native::vectorized_elementwise_kernel<(int)4, at::native::AUnaryFunctor<float, float, bool…
      0.0          3274871        486    6738.4    6752.0      5920      6816         77.0  ampere_sgemm_32x128_nt                                                                              
      0.0          3116664        673    4631.0    4640.0      4511      4960         47.4  ampere_sgemm_32x128_nn                                                                              
      0.0          2938402        974    3016.8    3040.0      2720      3168        119.8  void at::native::elementwise_kernel<(int)128, (int)2, void at::native::gpu_kernel_impl_nocast<at::n…
      0.0          2708157        972    2786.2    2784.0      2720      3008         24.0  void at::native::<unnamed>::multi_tensor_apply_kernel<at::native::<unnamed>::TensorListMetadata<(in…
      0.0          2707386       1157    2340.0    2336.0      2176      2689        105.3  void at::native::unrolled_elementwise_kernel<at::native::direct_copy_kernel_cuda(at::TensorIterator…
      0.0          2623349       1342    1954.8    1920.0      1791      2240         87.3  void at::native::vectorized_elementwise_kernel<(int)4, at::native::<unnamed>::launch_clamp_scalar(a…
      0.0          2612452        671    3893.4    3936.0      3391      4097        179.1  reduction_prod_kernel                                                                               
      0.0          2244439        972    2309.1    2304.0      2048      2464         91.9  void at::native::vectorized_elementwise_kernel<(int)4, at::native::<unnamed>::pow_tensor_tensor_ker…
      0.0          2063442        488    4228.4    4224.0      4096      6880        171.0  ampere_sgemm_32x128_tn                                                                              
      0.0          1931822        486    3974.9    3968.0      3935      4160         18.3  void at::native::<unnamed>::multi_tensor_apply_kernel<at::native::<unnamed>::TensorListMetadata<(in…
      0.0          1922834        972    1978.2    1953.0      1824      2496         50.4  void at::native::vectorized_elementwise_kernel<(int)4, void at::native::<unnamed>::masked_scale_ker…
      0.0          1914101        671    2852.6    2880.0      2751      2945         41.7  std::enable_if<!T7, void>::type internal::gemvx::kernel<int, int, float, float, float, float, (bool…
      0.0          1870665        486    3849.1    3840.0      3807      3873         16.0  void at::native::<unnamed>::multi_tensor_apply_kernel<at::native::<unnamed>::TensorListMetadata<(in…
      0.0          1869659        972    1923.5    1920.0      1792      2016         35.0  void at::native::vectorized_elementwise_kernel<(int)4, at::native::BinaryFunctor<float, float, floa…
      0.0          1863741        972    1917.4    1920.0      1791      2144         65.6  void at::native::vectorized_elementwise_kernel<(int)4, at::native::CUDAFunctor_add<int>, std::array…
      0.0          1859081        486    3825.3    3840.0      3551      3904         28.9  void at::native::elementwise_kernel<(int)128, (int)2, void at::native::gpu_kernel_impl_nocast<void …
      0.0          1784023        972    1835.4    1824.0      1696      1984         41.7  void at::native::vectorized_elementwise_kernel<(int)4, at::native::CUDAFunctorOnOther_add<float>, s…
      0.0          1461900        486    3008.0    3008.0      2975      3200         17.1  void at::native::<unnamed>::multi_tensor_apply_kernel<at::native::<unnamed>::TensorListMetadata<(in…
      0.0          1443658        486    2970.5    2976.0      2943      3009         16.9  void at::native::<unnamed>::multi_tensor_apply_kernel<at::native::<unnamed>::TensorListMetadata<(in…
      0.0          1411655        486    2904.6    2912.0      2879      2945         17.1  void at::native::<unnamed>::multi_tensor_apply_kernel<at::native::<unnamed>::TensorListMetadata<(in…
      0.0          1247198        671    1858.7    1856.0      1728      2016         34.1  void at::native::vectorized_elementwise_kernel<(int)4, at::native::AbsFunctor<float>, std::array<ch…
      0.0          1242052        671    1851.0    1856.0      1727      1889         34.4  void at::native::vectorized_elementwise_kernel<(int)4, void at::native::<unnamed>::pow_tensor_scala…
      0.0          1219530        486    2509.3    2496.0      2368      2944         63.9  void gemvNSP_kernel<float, float, float, float, (int)1, (int)32, (int)4, (int)1024, (bool)0, cublas…
      0.0          1208159        486    2485.9    2496.0      2368      2624         36.1  void at::native::elementwise_kernel<(int)128, (int)2, void at::native::gpu_kernel_impl_nocast<at::n…
      0.0          1133589        486    2332.5    2336.0      2303      2369         20.2  void gemmk1_kernel<int, float, (int)256, (int)5, (bool)0, (bool)0, (bool)0, (bool)0, cublasGemvTens…
      0.0          1005175        486    2068.3    2080.0      1952      2112         28.4  void at::native::vectorized_elementwise_kernel<(int)4, at::native::sqrt_kernel_cuda(at::TensorItera…
      0.0           911000        492    1851.6    1856.0      1727      2016         35.9  void at::native::vectorized_elementwise_kernel<(int)4, at::native::AUnaryFunctor<float, float, floa…
      0.0           896379        486    1844.4    1856.0      1728      1985         41.1  void at::native::vectorized_elementwise_kernel<(int)4, at::native::neg_kernel_cuda(at::TensorIterat…
      0.0            81729          2   40864.5   40864.5     40864     40865          0.7  void geqr2_smem<float, float, (int)8, (int)6, (int)4>(int, int, T1 *, unsigned long, T1 *, int)     
      0.0            14753          2    7376.5    7376.5      7360      7393         23.3  void larft_T_32<float, (int)256>(int, T1 *, int, const T1 *)                                        
      0.0            11263          6    1877.2    1760.0      1664      2400        274.2  void at::native::unrolled_elementwise_kernel<at::native::CUDAFunctor_add<int>, std::array<char *, (…
      0.0            10655          4    2663.8    2656.0      2400      2943        304.8  void at::native::elementwise_kernel<(int)128, (int)2, void at::native::gpu_kernel_impl_nocast<at::n…
      0.0             9728          6    1621.3    1632.0      1600      1632         16.5  copy_info_kernel(int, int *)                                                                        
      0.0             9600          4    2400.0    2416.0      2272      2496        113.9  void at::native::<unnamed>::distribution_elementwise_grid_stride_kernel<float, (int)4, void at::nat…
      0.0             7457          4    1864.3    1872.5      1760      1952         80.0  void at::native::vectorized_elementwise_kernel<(int)4, at::native::CUDAFunctorOnSelf_add<float>, st…
      0.0             7360          2    3680.0    3680.0      3424      3936        362.0  void at::native::triu_tril_kernel<float, int, (bool)1, (int)2, (bool)0>(at::cuda::detail::TensorInf…
      0.0             6719          2    3359.5    3359.5      3359      3360          0.7  void gemmSN_NN_kernel<float, (int)256, (int)4, (int)2, (int)8, (int)4, (int)4, (bool)0, cublasGemvT…
      0.0             6432          4    1608.0    1600.0      1600      1632         16.0  void at::native::vectorized_elementwise_kernel<(int)4, at::native::FillFunctor<int>, std::array<cha…
      0.0             5472          2    2736.0    2736.0      2720      2752         22.6  void at::native::<unnamed>::distribution_elementwise_grid_stride_kernel<float, (int)4, void at::nat…
      0.0             5408          2    2704.0    2704.0      2656      2752         67.9  void at::native::<unnamed>::CatArrayBatchedCopy_aligned16_contig<at::native::<unnamed>::OpaqueType<…
      0.0             5345          2    2672.5    2672.5      2625      2720         67.2  void larft_vtv_32<float, (int)128>(long, long, const T1 *, unsigned long, T1 *, unsigned long)      
      0.0             4223          2    2111.5    2111.5      2111      2112          0.7  void lacpy_kernel<float, float, (int)5, (int)3>(long, long, const T1 *, long, T2 *, long, int, int) 
      0.0             3807          2    1903.5    1903.5      1888      1919         21.9  void batch_eye_kernel<float, (int)5, (int)3>(long, long, T1 *, unsigned long, long long, int)       
      0.0             3647          2    1823.5    1823.5      1823      1824          0.7  void at::native::vectorized_elementwise_kernel<(int)4, at::native::sign_kernel_cuda(at::TensorItera…
      0.0             3455          2    1727.5    1727.5      1696      1759         44.5  void orgqr_step1_kernel<float, (int)5, (int)3>(int, int, int, T1 *, int)                            
[6/7] Executing 'cuda_gpu_mem_time_sum' stats report
 Time (%)  Total Time (ns)  Count  Avg (ns)  Med (ns)  Min (ns)  Max (ns)  StdDev (ns)            Operation           
 --------  ---------------  -----  --------  --------  --------  --------  -----------  ------------------------------
     83.2         63101300   7137    8841.4    1120.0       992    177505      25114.2  [CUDA memcpy Host-to-Device]  
     12.0          9107627   4881    1865.9    1887.0      1664      2080         59.8  [CUDA memcpy Device-to-Device]
      4.8          3610461   2517    1434.4    1408.0      1375      2752         71.3  [CUDA memcpy Device-to-Host]  
[7/7] Executing 'cuda_gpu_mem_size_sum' stats report
 Total (MB)  Count  Avg (MB)  Med (MB)  Min (MB)  Max (MB)  StdDev (MB)            Operation           
 ----------  -----  --------  --------  --------  --------  -----------  ------------------------------
    271.341   7137     0.038     0.000     0.000     0.406        0.118  [CUDA memcpy Host-to-Device]  
      4.924   4881     0.001     0.000     0.000     0.004        0.002  [CUDA memcpy Device-to-Device]
      0.059   2517     0.000     0.000     0.000     0.004        0.000  [CUDA memcpy Device-to-Host]  
Generated:
    <project>/informes/torch-keras_lstm_torch_env.nsys-rep
    <project>/informes/torch-keras_lstm_torch_env.sqlite
==================== torch-keras lstm simple en bm_torch_env ====================
keras 3.15.1 | torch 2.10.0+cu128
<conda>/envs/bm_torch_env/lib/python3.12/site-packages/keras/src/trainers/epoch_iterator.py:74: UserWarning: `shuffle=True` was passed, but will be ignored since the data `x` was provided as a torch DataLoader. The DataLoader is expected to already be shuffled.
  self.data_adapter = data_adapters.get_data_adapter(
Epoch 1/3
<conda>/envs/bm_torch_env/lib/python3.12/site-packages/keras/src/backend/torch/rnn.py:656: UserWarning: RNN module weights are not part of single contiguous chunk of memory. This means they need to be compacted at every call, possibly greatly increasing memory usage. To compact weights again call flatten_parameters(). (Triggered internally at /pytorch/aten/src/ATen/native/cudnn/RNN.cpp:1480.)
  outputs, h_n, c_n = torch._VF.lstm(
Epoch 2/3
Epoch 3/3
<conda>/envs/bm_torch_env/lib/python3.12/site-packages/keras/src/backend/torch/rnn.py:656: UserWarning: RNN module weights are not part of single contiguous chunk of memory. This means they need to be compacted at every call, possibly greatly increasing memory usage. To compact weights again call flatten_parameters(). (Triggered internally at /pytorch/aten/src/ATen/native/cudnn/RNN.cpp:1480.)
  outputs, h_n, c_n = torch._VF.lstm(
Generating '/tmp/nsys-report-e31c.qdstrm'
[3/7] Executing 'nvtx_sum' stats report
 Time (%)  Total Time (ns)  Instances  Avg (ns)   Med (ns)  Min (ns)  Max (ns)  StdDev (ns)   Style           Range         
 --------  ---------------  ---------  ---------  --------  --------  --------  -----------  -------  ----------------------
    100.0         15079881          6  2513313.5  170093.5    139417  14073802    5664126.9  PushPop  cuBLAS:cublasCreate_v2
[4/7] Executing 'cuda_api_sum' stats report
 Time (%)  Total Time (ns)  Num Calls  Avg (ns)   Med (ns)   Min (ns)  Max (ns)  StdDev (ns)                      Name                     
 --------  ---------------  ---------  ---------  ---------  --------  --------  -----------  ---------------------------------------------
     64.8        714550675      74958     9532.7     7170.0      3240   8991992      93931.1  cudaLaunchKernel                             
     16.6        182661151      16502    11069.0    10280.0      4870    183229       5137.0  cudaMemcpyAsync                              
      7.8         86579736       7410    11684.2     7110.0      1710    133697      16953.0  cudaStreamSynchronize                        
      3.0         33272673      41840      795.2      680.0       340     34782        688.1  cudaStreamWaitEvent                          
      2.5         27450425      33694      814.7      610.0       320     33431        819.7  cudaEventRecord                              
      1.6         17627203       3101     5684.4     4100.0      3340    187859       4419.0  cuLaunchKernel                               
      0.5          5393181       1861     2898.0     1830.0       460   1694673      39291.8  cudaOccupancyMaxActiveBlocksPerMultiprocessor
      0.5          4996339       2430     2056.1      610.0       290   3417998      69339.0  cuKernelGetFunction                          
      0.4          4804507          4  1201126.8  1358797.0    558908   1528005     447543.4  cuLibraryLoadData                            
      0.4          4557874          5   911574.8   891094.0    837471   1001979      74667.0  cudaGetDeviceProperties_v2_v12000            
      0.3          3651060          4   912765.0   794319.0    380069   1682353     578876.9  cuLibraryUnload                              
      0.3          3442695       2946     1168.6     1030.0       270     18151        908.7  cudaStreamIsCapturing_v10000                 
      0.2          2572965         11   233905.9    23341.0     12310   2108203     625492.6  cudaHostAlloc                                
      0.2          2432588       3026      803.9      500.0       250     15531        723.5  cudaEventCreateWithFlags                     
      0.2          2425430         22   110246.8     4260.5       430   1628060     345964.9  cudaFree                                     
      0.2          2247851         27    83253.7   100095.0      2030    324526      91621.7  cudaMalloc                                   
      0.2          1720606         35    49160.2     3740.0      1930   1068323     184695.5  cudaStreamCreateWithFlags                    
      0.2          1657540       2991      554.2      390.0       220     16751        551.8  cudaEventDestroy                             
      0.0           551481       2095      263.2      230.0        80     10460        309.8  cuGetProcAddress_v2                          
      0.0           240310        488      492.4      370.0       300     30031       1649.5  cudaMemsetAsync                              
      0.0            80195         16     5012.2     2165.0      1360     41972       9912.7  cudaDeviceSynchronize                        
      0.0            78194          1    78194.0    78194.0     78194     78194          0.0  cuModuleLoadData                             
      0.0            27871          3     9290.3     5470.0      4690     17711       7302.9  cudaStreamDestroy                            
      0.0            22241          7     3177.3     4260.0       840      5361       2004.2  cuLibraryGetKernel                           
      0.0            21202          7     3028.9     1210.0       930     12910       4398.7  cuInit                                       
      0.0             5290          3     1763.3     1510.0       540      3240       1367.7  cudaEventCreate                              
      0.0             2851          6      475.2      130.0        80      2281        885.0  cuModuleGetLoadingMode                       
      0.0              760          2      380.0      380.0       250       510        183.8  cudaGetDriverEntryPoint_v11030               
[5/7] Executing 'cuda_gpu_kern_sum' stats report
 Time (%)  Total Time (ns)  Instances  Avg (ns)  Med (ns)  Min (ns)  Max (ns)  StdDev (ns)                                                  Name                                                
 --------  ---------------  ---------  --------  --------  --------  --------  -----------  ----------------------------------------------------------------------------------------------------
     18.6         78218089       1342   58284.7   59904.0     53696     60224       2692.7  void RNN_blockPersist_fp_LSTM<float, float, float, (int)32>(const T1 *, T2 *, const T1 *, T1 *, con…
     18.0         75742310        972   77924.2   77921.0     77184     78177        144.4  void RNN_blockPersist_bp_LSTM_FMA<float, float, float, (int)32>(block_bp_args_lstm<T1, T2>)         
     12.0         50691198        972   52151.4   52272.5     30752     54433       1825.3  void GENERIC_elementWise_bp2<float, float, float, (int)4, (cudnnRNNBiasMode_t)2>(int, int, T1 *, T1…
      5.7         23948358       7733    3096.9    2880.0      2400      3776        375.6  void at::native::elementwise_kernel<(int)128, (int)2, void at::native::gpu_kernel_impl_nocast<at::n…
      5.6         23777878      13828    1719.5    1727.0      1567      2464         76.2  void at::native::vectorized_elementwise_kernel<(int)4, at::native::FillFunctor<float>, std::array<c…
      2.9         12028802       3170    3794.6    3935.0      3167      4353        362.8  void at::native::reduce_kernel<(int)512, (int)1, at::native::ReduceOp<float, at::native::func_wrapp…
      2.6         10821349       1830    5913.3    6400.0      4033      6975       1036.5  ampere_sgemm_32x128_tn                                                                              
      2.3          9708269       4540    2138.4    2143.0      1983      2368         56.8  void at::native::vectorized_elementwise_kernel<(int)4, at::native::<unnamed>::where_kernel_impl(at:…
      2.2          9420773       1458    6461.4    6560.0      5088      6753        213.1  void cutlass::Kernel2<cutlass_80_tensorop_s1688gemm_64x64_16x6_nt_align4>(T1::Params)               
      1.9          7927564       4054    1955.5    1952.0      1791      2049         52.2  void at::native::vectorized_elementwise_kernel<(int)4, at::native::AUnaryFunctor<float, float, bool…
      1.9          7807484       4026    1939.3    1952.0      1728      2240         63.2  void at::native::vectorized_elementwise_kernel<(int)4, at::native::CUDAFunctor_add<float>, std::arr…
      1.8          7783745       1944    4004.0    4000.0      3809      4608         80.8  void cublasLt::splitKreduce_kernel<(int)32, (int)16, int, float, float, float, float, (bool)0, floa…
      1.7          7346492       1330    5523.7    5536.0      5248      5728         65.3  void at::native::reduce_kernel<(int)128, (int)4, at::native::ReduceOp<float, at::native::MeanOps<fl…
      1.7          7012460       1156    6066.1    4640.0      4416      8192       1709.6  ampere_sgemm_32x128_nn                                                                              
      1.6          6648016       2999    2216.7    2209.0      2079      2401         53.3  void at::native::vectorized_elementwise_kernel<(int)4, at::native::BinaryFunctor<float, float, floa…
      1.4          5792122        972    5959.0    6080.0      5504      6400        299.1  ampere_sgemm_32x32_sliced1x4_nt                                                                     
      1.2          5025305       1458    3446.7    3392.0      3359      3617         95.4  void at::native::<unnamed>::multi_tensor_apply_kernel<at::native::<unnamed>::TensorListMetadata<(in…
      1.2          5001686       1458    3430.5    3135.0      2911      4288        510.8  void at::native::<unnamed>::fused_dropout_kernel_vec<float, float, unsigned int, (int)1, (int)4, bo…
      1.0          4271992        486    8790.1    8800.0      7008      9024        149.5  void cutlass::Kernel2<cutlass_80_tensorop_s1688gemm_64x64_16x6_nt_align1>(T1::Params)               
      0.9          3858715        486    7939.7    7968.0      6400      8160        145.8  void at::native::reduce_kernel<(int)128, (int)4, at::native::ReduceOp<float, at::native::func_wrapp…
      0.8          3572303       1342    2661.9    2656.0      2271      2945        244.4  void at::native::elementwise_kernel<(int)128, (int)2, void at::native::gpu_kernel_impl_nocast<at::n…
      0.8          3283666        486    6756.5    6752.0      5920      6816         70.3  ampere_sgemm_32x128_nt                                                                              
      0.8          3205039       1643    1950.7    1952.0      1823      2240         59.5  void at::native::vectorized_elementwise_kernel<(int)4, at::native::BinaryFunctor<float, float, floa…
      0.7          2982009        486    6135.8    6112.0      5056      6560        151.8  void cutlass::Kernel2<cutlass_80_tensorop_s1688gemm_64x64_16x6_nn_align4>(T1::Params)               
      0.7          2899652       1342    2160.7    2113.0      1951      2400        120.4  void at::native::vectorized_elementwise_kernel<(int)4, at::native::<unnamed>::launch_clamp_scalar(a…
      0.6          2729652       1157    2359.2    2368.0      2207      2529         59.9  void at::native::unrolled_elementwise_kernel<at::native::direct_copy_kernel_cuda(at::TensorIterator…
      0.6          2717624        972    2795.9    2815.0      2719      2880         42.8  void at::native::<unnamed>::multi_tensor_apply_kernel<at::native::<unnamed>::TensorListMetadata<(in…
      0.6          2651287        671    3951.2    3936.0      3616      4128         92.0  reduction_prod_kernel                                                                               
      0.6          2560132        972    2633.9    2624.0      2591      3104         26.9  void LSTM_elementWise_bp1<float, float, float>(int, int, T1 *, T1 *, T1 *, T1 *, T1 *, T1 *, T1 *, …
      0.6          2530607        972    2603.5    2624.0      2368      2753         89.1  void at::native::vectorized_elementwise_kernel<(int)4, at::native::<unnamed>::pow_tensor_tensor_ker…
      0.5          2178945        972    2241.7    2271.0      1887      2656        263.4  void at::native::vectorized_elementwise_kernel<(int)4, void at::native::<unnamed>::masked_scale_ker…
      0.5          2000835        972    2058.5    2048.0      1888      2207         66.9  void at::native::vectorized_elementwise_kernel<(int)4, at::native::BinaryFunctor<float, float, floa…
      0.5          1967973        972    2024.7    2048.0      1920      2240         55.8  void at::native::vectorized_elementwise_kernel<(int)4, at::native::CUDAFunctor_add<int>, std::array…
      0.5          1941663        486    3995.2    4000.0      3967      4096         15.1  void at::native::<unnamed>::multi_tensor_apply_kernel<at::native::<unnamed>::TensorListMetadata<(in…
      0.5          1906016        671    2840.6    2880.0      2656      2913         77.8  std::enable_if<!T7, void>::type internal::gemvx::kernel<int, int, float, float, float, float, (bool…
      0.5          1902571        486    3914.8    3904.0      3616      3969         30.3  void at::native::elementwise_kernel<(int)128, (int)2, void at::native::gpu_kernel_impl_nocast<void …
      0.4          1871884        486    3851.6    3840.0      3808      3873         16.2  void at::native::<unnamed>::multi_tensor_apply_kernel<at::native::<unnamed>::TensorListMetadata<(in…
      0.4          1838813        972    1891.8    1888.0      1759      2081         61.7  void at::native::vectorized_elementwise_kernel<(int)4, at::native::CUDAFunctorOnOther_add<float>, s…
      0.4          1484935        486    3055.4    3040.0      3008      3169         23.1  void at::native::<unnamed>::multi_tensor_apply_kernel<at::native::<unnamed>::TensorListMetadata<(in…
      0.3          1465577        486    3015.6    3008.0      2975      3104         15.9  void at::native::<unnamed>::multi_tensor_apply_kernel<at::native::<unnamed>::TensorListMetadata<(in…
      0.3          1416391        486    2914.4    2912.0      2879      3040         15.5  void at::native::<unnamed>::multi_tensor_apply_kernel<at::native::<unnamed>::TensorListMetadata<(in…
      0.3          1274463        671    1899.3    1920.0      1823      1984         50.5  void at::native::vectorized_elementwise_kernel<(int)4, at::native::AbsFunctor<float>, std::array<ch…
      0.3          1273320        671    1897.6    1920.0      1792      2048         49.6  void at::native::vectorized_elementwise_kernel<(int)4, void at::native::<unnamed>::pow_tensor_scala…
      0.3          1259235        486    2591.0    2624.0      2400      3104         77.0  void gemvNSP_kernel<float, float, float, float, (int)1, (int)32, (int)4, (int)1024, (bool)0, cublas…
      0.3          1205585        486    2480.6    2496.0      2367      2625         64.0  void at::native::elementwise_kernel<(int)128, (int)2, void at::native::gpu_kernel_impl_nocast<at::n…
      0.3          1129549        486    2324.2    2336.0      2271      2369         18.1  void gemmk1_kernel<int, float, (int)256, (int)5, (bool)0, (bool)0, (bool)0, (bool)0, cublasGemvTens…
      0.3          1080577        486    2223.4    2240.0      2111      2369         48.9  void at::native::vectorized_elementwise_kernel<(int)4, at::native::sqrt_kernel_cuda(at::TensorItera…
      0.2           962551        492    1956.4    1984.0      1824      2240         48.6  void at::native::vectorized_elementwise_kernel<(int)4, at::native::AUnaryFunctor<float, float, floa…
      0.2           926509        486    1906.4    1920.0      1791      1984         48.6  void at::native::vectorized_elementwise_kernel<(int)4, at::native::neg_kernel_cuda(at::TensorIterat…
      0.0            81632          2   40816.0   40816.0     40800     40832         22.6  void geqr2_smem<float, float, (int)8, (int)6, (int)4>(int, int, T1 *, unsigned long, T1 *, int)     
      0.0            53631         12    4469.3    4512.0      4064      4544        132.5  void at::native::reduce_kernel<(int)512, (int)1, at::native::ReduceOp<float, at::native::MeanOps<fl…
      0.0            21857          3    7285.7    7296.0      7264      7297         18.8  ampere_sgemm_32x32_sliced1x4_nn                                                                     
      0.0            14719          2    7359.5    7359.5      7264      7455        135.1  void larft_T_32<float, (int)256>(int, T1 *, int, long, const T1 *, long)                            
      0.0            11135          6    1855.8    1760.0      1696      2240        209.5  void at::native::unrolled_elementwise_kernel<at::native::CUDAFunctor_add<int>, std::array<char *, (…
      0.0             9760          6    1626.7    1616.0      1600      1664         31.5  copy_info_kernel(int, int *)                                                                        
      0.0             9567          4    2391.8    2400.0      2303      2464         84.5  void at::native::<unnamed>::distribution_elementwise_grid_stride_kernel<float, (int)4, void at::nat…
      0.0             7743          4    1935.8    1903.5      1824      2112        124.1  void at::native::vectorized_elementwise_kernel<(int)4, at::native::CUDAFunctorOnSelf_add<float>, st…
      0.0             7361          2    3680.5    3680.5      3425      3936        361.3  void at::native::triu_tril_kernel<float, int, (bool)1, (int)2, (bool)0>(at::cuda::detail::TensorInf…
      0.0             6721          4    1680.3    1680.5      1664      1696         18.2  void at::native::vectorized_elementwise_kernel<(int)4, at::native::FillFunctor<int>, std::array<cha…
      0.0             6656          2    3328.0    3328.0      3328      3328          0.0  void gemmSN_NN_kernel<float, (int)256, (int)4, (int)2, (int)8, (int)4, (int)4, (bool)0, cublasGemvT…
      0.0             6175          2    3087.5    3087.5      3071      3104         23.3  void at::native::elementwise_kernel<(int)128, (int)2, void at::native::gpu_kernel_impl_nocast<at::n…
      0.0             5472          2    2736.0    2736.0      2720      2752         22.6  void at::native::<unnamed>::distribution_elementwise_grid_stride_kernel<float, (int)4, void at::nat…
      0.0             5441          2    2720.5    2720.5      2720      2721          0.7  void larft_vtv_32<float, (int)128>(long, long, const T1 *, long, long, T1 *, long, long)            
      0.0             5378          2    2689.0    2689.0      2625      2753         90.5  void at::native::<unnamed>::CatArrayBatchedCopy_vectorized<at::native::<unnamed>::OpaqueType<(unsig…
      0.0             4288          2    2144.0    2144.0      2144      2144          0.0  void lacpy_kernel<float, float, (int)5, (int)3>(long, long, const T1 *, long, long, T2 *, long, lon…
      0.0             3905          2    1952.5    1952.5      1952      1953          0.7  void at::native::vectorized_elementwise_kernel<(int)4, at::native::sign_kernel_cuda(at::TensorItera…
      0.0             3873          2    1936.5    1936.5      1920      1953         23.3  void batch_eye_kernel<float, (int)5, (int)3>(long, long, T1 *, unsigned long, long long, int)       
      0.0             3521          2    1760.5    1760.5      1760      1761          0.7  void orgqr_step1_kernel<float, (int)5, (int)3>(int, int, int, T1 *, int)                            
[6/7] Executing 'cuda_gpu_mem_time_sum' stats report
 Time (%)  Total Time (ns)  Count  Avg (ns)  Med (ns)  Min (ns)  Max (ns)  StdDev (ns)            Operation           
 --------  ---------------  -----  --------  --------  --------  --------  -----------  ------------------------------
     70.1         44082299   6013    7331.2    1120.0       991     79425      17894.8  [CUDA memcpy Host-to-Device]  
     26.7         16777009   9092    1845.2    1825.0      1663      2080         73.4  [CUDA memcpy Device-to-Device]
      3.2          2021185   1397    1446.8    1440.0      1376      2529         67.5  [CUDA memcpy Device-to-Host]  
      0.0             4448      2    2224.0    2224.0      2144      2304        113.1  [CUDA memset]                 
[7/7] Executing 'cuda_gpu_mem_size_sum' stats report
 Total (MB)  Count  Avg (MB)  Med (MB)  Min (MB)  Max (MB)  StdDev (MB)            Operation           
 ----------  -----  --------  --------  --------  --------  -----------  ------------------------------
    271.336   6013     0.045     0.000     0.000     0.406        0.127  [CUDA memcpy Host-to-Device]  
     11.024   9092     0.001     0.000     0.000     0.004        0.002  [CUDA memcpy Device-to-Device]
      0.054   1397     0.000     0.000     0.000     0.004        0.000  [CUDA memcpy Device-to-Host]  
      0.041      2     0.021     0.021     0.021     0.021        0.000  [CUDA memset]                 
Generated:
    <project>/informes/torch-keras_lstm_bm_torch_env.nsys-rep
    <project>/informes/torch-keras_lstm_bm_torch_env.sqlite
